// Jest Snapshot v1, https://goo.gl/fbAQLP

exports[`Header SnapShot comprobar el SnapShot de Header 1`] = `
<routerMock>
  <div
    className="Header--main"
  >
    <div
      className="Header--images"
    >
      <div
        className="Header--images-logoResponsive"
      >
        <img
          alt="Logo"
          className="Header--responsive"
          src="ResponsiveLogo.svg"
          width="35px"
        />
      </div>
      <div
        className="Header--images-logo"
      >
        <img
          alt="Logo"
          className="Header--mainLogo"
          src="logoAero.svg"
          width="140px"
        />
      </div>
      <div
        className="Header--images-logoPic"
      >
        <img
          alt="Pictogram"
          className="Header--images__secondaryLogo"
          src="logoAeroTwo.svg"
          width="25px"
        />
      </div>
    </div>
    <div
      className="Header--reservation"
    >
      <h4
        className="Header--reservation-text"
      >
        RESERVA
      </h4>
    </div>
    <div
      className="Header--menu_main"
    >
      <nav>
        <ul>
          <li>
            Reserva
          </li>
          <li>
            Tu viaje
          </li>
          <li>
            Check-In
          </li>
          <li>
            Upgrade
          </li>
          <li>
            Club Premier
          </li>
        </ul>
      </nav>
    </div>
    <div
      className="Header--menu_secondary"
    >
      <div
        className="Header--menu_secondary-travel"
      >
        <ul>
          <li>
            Promociones
          </li>
          <li>
            <span
              className="Header--menu_secondary-activeLink"
            >
              Rastrea un vuelo
            </span>
          </li>
          <li>
            Destinos
          </li>
          <li>
            Más
          </li>
        </ul>
      </div>
      <div
        className="Header--menu_secondary-profile"
      >
        <span
          className="icon-envelop"
        />
        <img
          alt="idioma"
          className="Header--menu_secondary-imgLanguage"
          src="mexFlag.svg"
          width="25px"
        />
        <a
          alt="login"
          className="Header--menu_secondary-profile_login"
          to="/"
        >
          Iniciar sesión
        </a>
      </div>
      <div
        className="Header--menu-tablet"
      >
        <div
          className="Header--menu-flag"
        >
          <span
            className="icon-envelop"
          />
        </div>
        <div
          className="Header--menu-hamburguer"
        >
          <span
            className="icon-menu"
          />
        </div>
      </div>
    </div>
  </div>
</routerMock>
`;
